Processing 56 architectures...

[1/56] 3dgs: already has 4 papers, skipping
[2/56] alexnet: already has 4 papers, skipping
[3/56] bytetrack: already has 4 papers, skipping
[4/56] convnext-tiny: already has 4 papers, skipping
[5/56] cotracker3: already has 4 papers, skipping
[6/56] Processing d-fine...
  d-fine: All related papers already exist or are primary, skipping
[7/56] Processing deit...
  Fetching 2 papers: ['2103.14030', '2204.02977']
  Rate limited (429), waiting 20s... (attempt 1/5)
  Rate limited (429), waiting 40s... (attempt 2/5)
  Rate limited (429), waiting 60s... (attempt 3/5)
  deit: Wrote Liu_et_al._2021_2103.14030.md
  deit: Wrote Ji_et_al._2022_2204.02977.md
[8/56] Processing densenet-121...
  Fetching 3 papers: ['1605.07146', '1707.01629', '1709.01507']
  densenet-121: Wrote Zagoruyko_et_al._2016_1605.07146.md
  densenet-121: Wrote Chen_et_al._2017_1707.01629.md
  densenet-121: Wrote Hu_et_al._2017_1709.01507.md
[9/56] Processing depth-anything-v2...
  Fetching 1 papers: ['2312.02123']
  depth-anything-v2: Wrote Hatipoglu_et_al._2023_2312.02123.md
[10/56] Processing depth-pro...
  depth-pro: All related papers already exist or are primary, skipping
[11/56] Processing depthcrafter...
  Fetching 1 papers: ['2312.02123']
  depthcrafter: Wrote Hatipoglu_et_al._2023_2312.02123.md
[12/56] Processing detr...
  Fetching 3 papers: ['2010.04159', '2103.01800', '2101.06378']
  detr: Wrote Zhu_et_al._2020_2010.04159.md
  detr: Wrote Katsura_et_al._2021_2103.01800.md
  detr: Wrote Mohammadi_et_al._2021_2101.06378.md
[13/56] Processing din...
  Fetching 3 papers: ['1703.06211', '1811.11468', '1612.00542']
  din: Wrote Dai_et_al._2017_1703.06211.md
  din: Wrote Fellan_et_al._2018_1811.11468.md
  din: Wrote Lvy_et_al._2016_1612.00542.md
[14/56] Processing dino...
  Fetching 3 papers: ['2006.07733', '2301.11222', '1911.05722']
  dino: Wrote Grill_et_al._2020_2006.07733.md
  dino: Wrote Primc_et_al._2023_2301.11222.md
  dino: Wrote He_et_al._2019_1911.05722.md
[15/56] Processing dinov3...
  Fetching 3 papers: ['2104.14294', '2304.07193', '2301.11222']
  dinov3: Wrote Caron_et_al._2021_2104.14294.md
  dinov3: Wrote Oquab_et_al._2023_2304.07193.md
  dinov3: Wrote Primc_et_al._2023_2301.11222.md
[16/56] Processing dust3r...
  dust3r: All related papers already exist or are primary, skipping
[17/56] Processing edgesam...
  edgesam: All related papers already exist or are primary, skipping
[18/56] Processing efficientnet-b0...
  Fetching 3 papers: ['2106.10270', '1807.03784', '1704.04861']
  efficientnet-b0: Wrote Steiner_et_al._2021_2106.10270.md
  efficientnet-b0: Wrote Li_et_al._2018_1807.03784.md
  efficientnet-b0: Wrote Howard_et_al._2017_1704.04861.md
[19/56] Processing efficientsam...
  efficientsam: All related papers already exist or are primary, skipping
[20/56] Processing fastsam...
  fastsam: All related papers already exist or are primary, skipping
[21/56] Processing foundationstereo...
  foundationstereo: All related papers already exist or are primary, skipping
[22/56] Processing gmflow...
  Fetching 1 papers: ['2204.02670']
  gmflow: Wrote Tang_et_al._2022_2204.02670.md
[23/56] Processing grounding-dino...
  Fetching 2 papers: ['2305.02411', '2112.05912']
  grounding-dino: Wrote Eshghi_et_al._2023_2305.02411.md
  grounding-dino: Wrote Zhang_et_al._2021_2112.05912.md
[24/56] Processing igev...
  igev: All related papers already exist or are primary, skipping
[25/56] Processing mask-r-cnn...
  Fetching 4 papers: ['1506.01497', '1703.06870', '1612.03144', '1901.07518']
  mask-r-cnn: Wrote Ren_et_al._2015_1506.01497.md
  mask-r-cnn: Wrote He_et_al._2017_1703.06870.md
  mask-r-cnn: Wrote Lin_et_al._2016_1612.03144.md
[26/56] Processing mask2former...
  Fetching 1 papers: ['2012.00747']
  mask2former: Wrote McConnell_et_al._2020_2012.00747.md
[27/56] Processing mast3r...
  mast3r: All related papers already exist or are primary, skipping
[28/56] Processing metric3d...
  metric3d: All related papers already exist or are primary, skipping
[29/56] Processing mobilenet-v2...
  Fetching 2 papers: ['1704.04861', '1807.03784']
  mobilenet-v2: Wrote Howard_et_al._2017_1704.04861.md
  mobilenet-v2: Wrote Li_et_al._2018_1807.03784.md
[30/56] Processing mobilenet-v3...
  Fetching 1 papers: ['1807.03784']
  mobilenet-v3: Wrote Li_et_al._2018_1807.03784.md
[31/56] Processing mobilenet-v4...
  Fetching 2 papers: ['2204.06406', '2106.10270']
  mobilenet-v4: Wrote Azad_et_al._2022_2204.06406.md
  mobilenet-v4: Wrote Steiner_et_al._2021_2106.10270.md
[32/56] Processing mobilesam...
  mobilesam: All related papers already exist or are primary, skipping
[33/56] Processing monosplat...
  monosplat: All related papers already exist or are primary, skipping
[34/56] Processing nerf...
  Fetching 2 papers: ['2103.10325', '2201.12500']
  nerf: Wrote Shenoy_et_al._2021_2103.10325.md
  nerf: Wrote Qin_et_al._2022_2201.12500.md
[35/56] Processing ocsort...
  ocsort: All related papers already exist or are primary, skipping
[36/56] Processing oneformer...
  Fetching 2 papers: ['2012.00747', '1502.02766']
  oneformer: Wrote McConnell_et_al._2020_2012.00747.md
  oneformer: Wrote Farfade_et_al._2015_1502.02766.md
[37/56] Processing raft...
  raft: All related papers already exist or are primary, skipping
[38/56] Processing raft-stereo...
  raft-stereo: All related papers already exist or are primary, skipping
[39/56] Processing resnet-50...
  Fetching 5 papers: ['1605.07146', '1606.01505', '1511.06422', '1709.01507', '1812.01187']
  resnet-50: Wrote Zagoruyko_et_al._2016_1605.07146.md
  resnet-50: Wrote Chen_et_al._2016_1606.01505.md
  resnet-50: Wrote Mishkin_et_al._2015_1511.06422.md
[40/56] Processing rt-detr...
  rt-detr: All related papers already exist or are primary, skipping
[41/56] Processing rtdetrv3...
  Fetching 1 papers: ['2307.07923']
  rtdetrv3: Wrote Jaloli_et_al._2023_2307.07923.md
[42/56] Processing sam...
  Fetching 1 papers: ['2305.02411']
  sam: Wrote Eshghi_et_al._2023_2305.02411.md
[43/56] Processing sam-hq...
  sam-hq: All related papers already exist or are primary, skipping
[44/56] Processing sam2...
  sam2: All related papers already exist or are primary, skipping
[45/56] Processing sam3...
  sam3: All related papers already exist or are primary, skipping
[46/56] Processing sea-raft...
  sea-raft: All related papers already exist or are primary, skipping
[47/56] Processing segformer...
  Fetching 3 papers: ['1909.11916', '2007.04269', '2103.14030']
  segformer: Wrote Enciso_et_al._2019_1909.11916.md
  segformer: Wrote Yuan_et_al._2020_2007.04269.md
  segformer: Wrote Liu_et_al._2021_2103.14030.md
[48/56] Processing tapir...
  Fetching 1 papers: ['2307.07635']
  tapir: Wrote Karaev_et_al._2023_2307.07635.md
[49/56] Processing unidepth...
  unidepth: All related papers already exist or are primary, skipping
[50/56] Processing vgg-16...
  Fetching 3 papers: ['1409.4842', '1605.07146', '1602.07360']
  vgg-16: Wrote Szegedy_et_al._2014_1409.4842.md
  vgg-16: Wrote Zagoruyko_et_al._2016_1605.07146.md
  vgg-16: Wrote Iandola_et_al._2016_1602.07360.md
[51/56] Processing vggt...
  vggt: All related papers already exist or are primary, skipping
[52/56] Processing videodepthanything...
  Fetching 1 papers: ['2312.02123']
  videodepthanything: Wrote Hatipoglu_et_al._2023_2312.02123.md
[53/56] Processing vit-b16...
  Fetching 2 papers: ['2103.14030', '2106.04540']
  vit-b16: Wrote Liu_et_al._2021_2103.14030.md
  vit-b16: Wrote Lei_et_al._2021_2106.04540.md
[54/56] Processing yolo-v11...
  Fetching 2 papers: ['2402.13616', '2307.11538']
  yolo-v11: Wrote Wang_et_al._2024_2402.13616.md
  yolo-v11: Wrote Wu_et_al._2023_2307.11538.md
[55/56] Processing yolo-v12...
  Fetching 2 papers: ['2402.13616', '2307.11538']
  yolo-v12: Wrote Wang_et_al._2024_2402.13616.md
  yolo-v12: Wrote Wu_et_al._2023_2307.11538.md
[56/56] Processing yolo26...
  Fetching 1 papers: ['2402.13616']
  yolo26: Wrote Wang_et_al._2024_2402.13616.md

=== SUMMARY ===
  3dgs: 0 new papers written, 4 total [OK]
  alexnet: 0 new papers written, 4 total [OK]
  bytetrack: 0 new papers written, 4 total [OK]
  convnext-tiny: 0 new papers written, 4 total [OK]
  cotracker3: 0 new papers written, 4 total [OK]
  d-fine: 0 new papers written, 1 total [NEEDS ATTENTION]
  deit: 2 new papers written, 3 total [OK]
  densenet-121: 3 new papers written, 4 total [OK]
  depth-anything-v2: 1 new papers written, 2 total [OK]
  depth-pro: 0 new papers written, 1 total [NEEDS ATTENTION]
  depthcrafter: 1 new papers written, 2 total [OK]
  detr: 3 new papers written, 4 total [OK]
  din: 3 new papers written, 4 total [OK]
  dino: 3 new papers written, 4 total [OK]
  dinov3: 3 new papers written, 4 total [OK]
  dust3r: 0 new papers written, 1 total [NEEDS ATTENTION]
  edgesam: 0 new papers written, 1 total [NEEDS ATTENTION]
  efficientnet-b0: 3 new papers written, 4 total [OK]
  efficientsam: 0 new papers written, 1 total [NEEDS ATTENTION]
  fastsam: 0 new papers written, 1 total [NEEDS ATTENTION]
  foundationstereo: 0 new papers written, 1 total [NEEDS ATTENTION]
  gmflow: 1 new papers written, 2 total [OK]
  grounding-dino: 2 new papers written, 3 total [OK]
  igev: 0 new papers written, 1 total [NEEDS ATTENTION]
  mask-r-cnn: 3 new papers written, 4 total [OK]
  mask2former: 1 new papers written, 2 total [OK]
  mast3r: 0 new papers written, 1 total [NEEDS ATTENTION]
  metric3d: 0 new papers written, 1 total [NEEDS ATTENTION]
  mobilenet-v2: 2 new papers written, 3 total [OK]
  mobilenet-v3: 1 new papers written, 2 total [OK]
  mobilenet-v4: 2 new papers written, 3 total [OK]
  mobilesam: 0 new papers written, 1 total [NEEDS ATTENTION]
  monosplat: 0 new papers written, 1 total [NEEDS ATTENTION]
  nerf: 2 new papers written, 3 total [OK]
  ocsort: 0 new papers written, 1 total [NEEDS ATTENTION]
  oneformer: 2 new papers written, 3 total [OK]
  raft: 0 new papers written, 1 total [NEEDS ATTENTION]
  raft-stereo: 0 new papers written, 1 total [NEEDS ATTENTION]
  resnet-50: 3 new papers written, 4 total [OK]
  rt-detr: 0 new papers written, 1 total [NEEDS ATTENTION]
  rtdetrv3: 1 new papers written, 2 total [OK]
  sam: 1 new papers written, 2 total [OK]
  sam-hq: 0 new papers written, 1 total [NEEDS ATTENTION]
  sam2: 0 new papers written, 1 total [NEEDS ATTENTION]
  sam3: 0 new papers written, 1 total [NEEDS ATTENTION]
  sea-raft: 0 new papers written, 1 total [NEEDS ATTENTION]
  segformer: 3 new papers written, 4 total [OK]
  tapir: 1 new papers written, 2 total [OK]
  unidepth: 0 new papers written, 1 total [NEEDS ATTENTION]
  vgg-16: 3 new papers written, 4 total [OK]
  vggt: 0 new papers written, 1 total [NEEDS ATTENTION]
  videodepthanything: 1 new papers written, 2 total [OK]
  vit-b16: 2 new papers written, 3 total [OK]
  yolo-v11: 2 new papers written, 3 total [OK]
  yolo-v12: 2 new papers written, 3 total [OK]
  yolo26: 1 new papers written, 2 total [OK]

Total new papers written: 58
